============================= test session starts =============================
platform win32 -- Python 3.11.14, pytest-9.0.2, pluggy-1.6.0
rootdir: D:\Projects\tidied-up\EchoScribe
configfile: pyproject.toml
plugins: anyio-4.12.1, asyncio-1.3.0
asyncio: mode=Mode.AUTO, debug=False, asyncio_default_fixture_loop_scope=None, asyncio_default_test_loop_scope=function
collected 173 items

models_cache\silero_vad\snakers4_silero-vad_master\tests\test_basic.py F [  0%]
F                                                                        [  1%]
tests\test_api.py ..........                                             [  6%]
tests\test_auth.py ..................                                    [ 17%]
tests\test_cleanup.py .................                                  [ 27%]
tests\test_config_manager.py ........                                    [ 31%]
tests\test_model_cache.py ..............................                 [ 49%]
tests\test_pipeline.py ....................                              [ 60%]
tests\test_rate_limiter.py .................                             [ 70%]
tests\test_validation.py ....................................            [ 91%]
tests\test_websocket_status.py ...............                           [100%]

================================== FAILURES ===================================
_______________________________ test_jit_model ________________________________

uri = 'tests/data/test.wav', frame_offset = 0, num_frames = -1, normalize = True
channels_first = True, format = None, buffer_size = 4096, backend = None

    def load_with_torchcodec(
        uri: Union[BinaryIO, str, os.PathLike],
        frame_offset: int = 0,
        num_frames: int = -1,
        normalize: bool = True,
        channels_first: bool = True,
        format: Optional[str] = None,
        buffer_size: int = 4096,
        backend: Optional[str] = None,
    ) -> Tuple[torch.Tensor, int]:
        """Load audio data from source using TorchCodec's AudioDecoder.

        .. note::

            This function supports the same API as :func:`~torchaudio.load`, and
            relies on TorchCodec's decoding capabilities under the hood. It is
            provided for convenience, but we do recommend that you port your code to
            natively use ``torchcodec``'s ``AudioDecoder`` class for better
            performance:
            https://docs.pytorch.org/torchcodec/stable/generated/torchcodec.decoders.AudioDecoder.
            As of TorchAudio 2.9, :func:`~torchaudio.load` relies on
            :func:`~torchaudio.load_with_torchcodec`. Note that some parameters of
            :func:`~torchaudio.load`, like ``normalize``, ``buffer_size``, and
            ``backend``, are ignored by :func:`~torchaudio.load_with_torchcodec`.
            To install torchcodec, follow the instructions at https://github.com/pytorch/torchcodec#installing-torchcodec.


        Args:
            uri (path-like object or file-like object):
                Source of audio data. The following types are accepted:

                * ``path-like``: File path or URL.
                * ``file-like``: Object with ``read(size: int) -> bytes`` method.

            frame_offset (int, optional):
                Number of samples to skip before start reading data.
            num_frames (int, optional):
                Maximum number of samples to read. ``-1`` reads all the remaining samples,
                starting from ``frame_offset``.
            normalize (bool, optional):
                TorchCodec always returns normalized float32 samples. This parameter
                is ignored and a warning is issued if set to False.
                Default: ``True``.
            channels_first (bool, optional):
                When True, the returned Tensor has dimension `[channel, time]`.
                Otherwise, the returned Tensor's dimension is `[time, channel]`.
            format (str or None, optional):
                Format hint for the decoder. May not be supported by all TorchCodec
                decoders. (Default: ``None``)
            buffer_size (int, optional):
                Not used by TorchCodec AudioDecoder. Provided for API compatibility.
            backend (str or None, optional):
                Not used by TorchCodec AudioDecoder. Provided for API compatibility.

        Returns:
            (torch.Tensor, int): Resulting Tensor and sample rate.
            Always returns float32 tensors. If ``channels_first=True``, shape is
            `[channel, time]`, otherwise `[time, channel]`.

        Raises:
            ImportError: If torchcodec is not available.
            ValueError: If unsupported parameters are used.
            RuntimeError: If TorchCodec fails to decode the audio.

        Note:
            - TorchCodec always returns normalized float32 samples, so the ``normalize``
              parameter has no effect.
            - The ``buffer_size`` and ``backend`` parameters are ignored.
            - Not all audio formats supported by torchaudio backends may be supported
              by TorchCodec.
        """
        # Import torchcodec here to provide clear error if not available
        try:
>           from torchcodec.decoders import AudioDecoder
E           ModuleNotFoundError: No module named 'torchcodec'

.venv\Lib\site-packages\torchaudio\_torchcodec.py:82: ModuleNotFoundError

The above exception was the direct cause of the following exception:

path = 'tests/data/test.wav', sampling_rate = 16000

    def read_audio(path: str, sampling_rate: int = 16000) -> torch.Tensor:
        ta_ver = version.parse(torchaudio.__version__)
        if ta_ver < version.parse("2.9"):
            try:
                effects = [['channels', '1'],['rate', str(sampling_rate)]]
                wav, sr = torchaudio.sox_effects.apply_effects_file(path, effects=effects)
            except:
                wav, sr = torchaudio.load(path)
        else:
            try:
>               wav, sr = torchaudio.load(path)
                          ^^^^^^^^^^^^^^^^^^^^^

.venv\Lib\site-packages\silero_vad\utils_vad.py:148:
_ _ _ _ _ _ _ _ _ _ _ _ _ _ _ _ _ _ _ _ _ _ _ _ _ _ _ _ _ _ _ _ _ _ _ _ _ _ _ _
.venv\Lib\site-packages\torchaudio\__init__.py:86: in load
    return load_with_torchcodec(
_ _ _ _ _ _ _ _ _ _ _ _ _ _ _ _ _ _ _ _ _ _ _ _ _ _ _ _ _ _ _ _ _ _ _ _ _ _ _ _

uri = 'tests/data/test.wav', frame_offset = 0, num_frames = -1, normalize = True
channels_first = True, format = None, buffer_size = 4096, backend = None

    def load_with_torchcodec(
        uri: Union[BinaryIO, str, os.PathLike],
        frame_offset: int = 0,
        num_frames: int = -1,
        normalize: bool = True,
        channels_first: bool = True,
        format: Optional[str] = None,
        buffer_size: int = 4096,
        backend: Optional[str] = None,
    ) -> Tuple[torch.Tensor, int]:
        """Load audio data from source using TorchCodec's AudioDecoder.

        .. note::

            This function supports the same API as :func:`~torchaudio.load`, and
            relies on TorchCodec's decoding capabilities under the hood. It is
            provided for convenience, but we do recommend that you port your code to
            natively use ``torchcodec``'s ``AudioDecoder`` class for better
            performance:
            https://docs.pytorch.org/torchcodec/stable/generated/torchcodec.decoders.AudioDecoder.
            As of TorchAudio 2.9, :func:`~torchaudio.load` relies on
            :func:`~torchaudio.load_with_torchcodec`. Note that some parameters of
            :func:`~torchaudio.load`, like ``normalize``, ``buffer_size``, and
            ``backend``, are ignored by :func:`~torchaudio.load_with_torchcodec`.
            To install torchcodec, follow the instructions at https://github.com/pytorch/torchcodec#installing-torchcodec.


        Args:
            uri (path-like object or file-like object):
                Source of audio data. The following types are accepted:

                * ``path-like``: File path or URL.
                * ``file-like``: Object with ``read(size: int) -> bytes`` method.

            frame_offset (int, optional):
                Number of samples to skip before start reading data.
            num_frames (int, optional):
                Maximum number of samples to read. ``-1`` reads all the remaining samples,
                starting from ``frame_offset``.
            normalize (bool, optional):
                TorchCodec always returns normalized float32 samples. This parameter
                is ignored and a warning is issued if set to False.
                Default: ``True``.
            channels_first (bool, optional):
                When True, the returned Tensor has dimension `[channel, time]`.
                Otherwise, the returned Tensor's dimension is `[time, channel]`.
            format (str or None, optional):
                Format hint for the decoder. May not be supported by all TorchCodec
                decoders. (Default: ``None``)
            buffer_size (int, optional):
                Not used by TorchCodec AudioDecoder. Provided for API compatibility.
            backend (str or None, optional):
                Not used by TorchCodec AudioDecoder. Provided for API compatibility.

        Returns:
            (torch.Tensor, int): Resulting Tensor and sample rate.
            Always returns float32 tensors. If ``channels_first=True``, shape is
            `[channel, time]`, otherwise `[time, channel]`.

        Raises:
            ImportError: If torchcodec is not available.
            ValueError: If unsupported parameters are used.
            RuntimeError: If TorchCodec fails to decode the audio.

        Note:
            - TorchCodec always returns normalized float32 samples, so the ``normalize``
              parameter has no effect.
            - The ``buffer_size`` and ``backend`` parameters are ignored.
            - Not all audio formats supported by torchaudio backends may be supported
              by TorchCodec.
        """
        # Import torchcodec here to provide clear error if not available
        try:
            from torchcodec.decoders import AudioDecoder
        except ImportError as e:
>           raise ImportError(
                "TorchCodec is required for load_with_torchcodec. " "Please install torchcodec to use this function."
            ) from e
E           ImportError: TorchCodec is required for load_with_torchcodec. Please install torchcodec to use this function.

.venv\Lib\site-packages\torchaudio\_torchcodec.py:84: ImportError

During handling of the above exception, another exception occurred:

path = 'tests/data/test.wav', sampling_rate = 16000

    def read_audio(path: str, sampling_rate: int = 16000) -> torch.Tensor:
        ta_ver = version.parse(torchaudio.__version__)
        if ta_ver < version.parse("2.9"):
            try:
                effects = [['channels', '1'],['rate', str(sampling_rate)]]
                wav, sr = torchaudio.sox_effects.apply_effects_file(path, effects=effects)
            except:
                wav, sr = torchaudio.load(path)
        else:
            try:
                wav, sr = torchaudio.load(path)
            except:
                try:
>                   from torchcodec.decoders import AudioDecoder
E                   ModuleNotFoundError: No module named 'torchcodec'

.venv\Lib\site-packages\silero_vad\utils_vad.py:151: ModuleNotFoundError

During handling of the above exception, another exception occurred:

    def test_jit_model():
        model = load_silero_vad(onnx=False)
        for path in ["tests/data/test.wav", "tests/data/test.opus", "tests/data/test.mp3"]:
>           audio = read_audio(path, sampling_rate=16000)
                    ^^^^^^^^^^^^^^^^^^^^^^^^^^^^^^^^^^^^^

models_cache\silero_vad\snakers4_silero-vad_master\tests\test_basic.py:8:
_ _ _ _ _ _ _ _ _ _ _ _ _ _ _ _ _ _ _ _ _ _ _ _ _ _ _ _ _ _ _ _ _ _ _ _ _ _ _ _

path = 'tests/data/test.wav', sampling_rate = 16000

    def read_audio(path: str, sampling_rate: int = 16000) -> torch.Tensor:
        ta_ver = version.parse(torchaudio.__version__)
        if ta_ver < version.parse("2.9"):
            try:
                effects = [['channels', '1'],['rate', str(sampling_rate)]]
                wav, sr = torchaudio.sox_effects.apply_effects_file(path, effects=effects)
            except:
                wav, sr = torchaudio.load(path)
        else:
            try:
                wav, sr = torchaudio.load(path)
            except:
                try:
                    from torchcodec.decoders import AudioDecoder
                    samples = AudioDecoder(path).get_all_samples()
                    wav = samples.data
                    sr = samples.sample_rate
                except ImportError:
>                   raise RuntimeError(
                        f"torchaudio version {torchaudio.__version__} requires torchcodec for audio I/O. "
                        + "Install torchcodec or pin torchaudio < 2.9"
                    )
E                   RuntimeError: torchaudio version 2.9.1+cpu requires torchcodec for audio I/O. Install torchcodec or pin torchaudio < 2.9

.venv\Lib\site-packages\silero_vad\utils_vad.py:156: RuntimeError
_______________________________ test_onnx_model _______________________________

uri = 'tests/data/test.wav', frame_offset = 0, num_frames = -1, normalize = True
channels_first = True, format = None, buffer_size = 4096, backend = None

    def load_with_torchcodec(
        uri: Union[BinaryIO, str, os.PathLike],
        frame_offset: int = 0,
        num_frames: int = -1,
        normalize: bool = True,
        channels_first: bool = True,
        format: Optional[str] = None,
        buffer_size: int = 4096,
        backend: Optional[str] = None,
    ) -> Tuple[torch.Tensor, int]:
        """Load audio data from source using TorchCodec's AudioDecoder.

        .. note::

            This function supports the same API as :func:`~torchaudio.load`, and
            relies on TorchCodec's decoding capabilities under the hood. It is
            provided for convenience, but we do recommend that you port your code to
            natively use ``torchcodec``'s ``AudioDecoder`` class for better
            performance:
            https://docs.pytorch.org/torchcodec/stable/generated/torchcodec.decoders.AudioDecoder.
            As of TorchAudio 2.9, :func:`~torchaudio.load` relies on
            :func:`~torchaudio.load_with_torchcodec`. Note that some parameters of
            :func:`~torchaudio.load`, like ``normalize``, ``buffer_size``, and
            ``backend``, are ignored by :func:`~torchaudio.load_with_torchcodec`.
            To install torchcodec, follow the instructions at https://github.com/pytorch/torchcodec#installing-torchcodec.


        Args:
            uri (path-like object or file-like object):
                Source of audio data. The following types are accepted:

                * ``path-like``: File path or URL.
                * ``file-like``: Object with ``read(size: int) -> bytes`` method.

            frame_offset (int, optional):
                Number of samples to skip before start reading data.
            num_frames (int, optional):
                Maximum number of samples to read. ``-1`` reads all the remaining samples,
                starting from ``frame_offset``.
            normalize (bool, optional):
                TorchCodec always returns normalized float32 samples. This parameter
                is ignored and a warning is issued if set to False.
                Default: ``True``.
            channels_first (bool, optional):
                When True, the returned Tensor has dimension `[channel, time]`.
                Otherwise, the returned Tensor's dimension is `[time, channel]`.
            format (str or None, optional):
                Format hint for the decoder. May not be supported by all TorchCodec
                decoders. (Default: ``None``)
            buffer_size (int, optional):
                Not used by TorchCodec AudioDecoder. Provided for API compatibility.
            backend (str or None, optional):
                Not used by TorchCodec AudioDecoder. Provided for API compatibility.

        Returns:
            (torch.Tensor, int): Resulting Tensor and sample rate.
            Always returns float32 tensors. If ``channels_first=True``, shape is
            `[channel, time]`, otherwise `[time, channel]`.

        Raises:
            ImportError: If torchcodec is not available.
            ValueError: If unsupported parameters are used.
            RuntimeError: If TorchCodec fails to decode the audio.

        Note:
            - TorchCodec always returns normalized float32 samples, so the ``normalize``
              parameter has no effect.
            - The ``buffer_size`` and ``backend`` parameters are ignored.
            - Not all audio formats supported by torchaudio backends may be supported
              by TorchCodec.
        """
        # Import torchcodec here to provide clear error if not available
        try:
>           from torchcodec.decoders import AudioDecoder
E           ModuleNotFoundError: No module named 'torchcodec'

.venv\Lib\site-packages\torchaudio\_torchcodec.py:82: ModuleNotFoundError

The above exception was the direct cause of the following exception:

path = 'tests/data/test.wav', sampling_rate = 16000

    def read_audio(path: str, sampling_rate: int = 16000) -> torch.Tensor:
        ta_ver = version.parse(torchaudio.__version__)
        if ta_ver < version.parse("2.9"):
            try:
                effects = [['channels', '1'],['rate', str(sampling_rate)]]
                wav, sr = torchaudio.sox_effects.apply_effects_file(path, effects=effects)
            except:
                wav, sr = torchaudio.load(path)
        else:
            try:
>               wav, sr = torchaudio.load(path)
                          ^^^^^^^^^^^^^^^^^^^^^

.venv\Lib\site-packages\silero_vad\utils_vad.py:148:
_ _ _ _ _ _ _ _ _ _ _ _ _ _ _ _ _ _ _ _ _ _ _ _ _ _ _ _ _ _ _ _ _ _ _ _ _ _ _ _
.venv\Lib\site-packages\torchaudio\__init__.py:86: in load
    return load_with_torchcodec(
_ _ _ _ _ _ _ _ _ _ _ _ _ _ _ _ _ _ _ _ _ _ _ _ _ _ _ _ _ _ _ _ _ _ _ _ _ _ _ _

uri = 'tests/data/test.wav', frame_offset = 0, num_frames = -1, normalize = True
channels_first = True, format = None, buffer_size = 4096, backend = None

    def load_with_torchcodec(
        uri: Union[BinaryIO, str, os.PathLike],
        frame_offset: int = 0,
        num_frames: int = -1,
        normalize: bool = True,
        channels_first: bool = True,
        format: Optional[str] = None,
        buffer_size: int = 4096,
        backend: Optional[str] = None,
    ) -> Tuple[torch.Tensor, int]:
        """Load audio data from source using TorchCodec's AudioDecoder.

        .. note::

            This function supports the same API as :func:`~torchaudio.load`, and
            relies on TorchCodec's decoding capabilities under the hood. It is
            provided for convenience, but we do recommend that you port your code to
            natively use ``torchcodec``'s ``AudioDecoder`` class for better
            performance:
            https://docs.pytorch.org/torchcodec/stable/generated/torchcodec.decoders.AudioDecoder.
            As of TorchAudio 2.9, :func:`~torchaudio.load` relies on
            :func:`~torchaudio.load_with_torchcodec`. Note that some parameters of
            :func:`~torchaudio.load`, like ``normalize``, ``buffer_size``, and
            ``backend``, are ignored by :func:`~torchaudio.load_with_torchcodec`.
            To install torchcodec, follow the instructions at https://github.com/pytorch/torchcodec#installing-torchcodec.


        Args:
            uri (path-like object or file-like object):
                Source of audio data. The following types are accepted:

                * ``path-like``: File path or URL.
                * ``file-like``: Object with ``read(size: int) -> bytes`` method.

            frame_offset (int, optional):
                Number of samples to skip before start reading data.
            num_frames (int, optional):
                Maximum number of samples to read. ``-1`` reads all the remaining samples,
                starting from ``frame_offset``.
            normalize (bool, optional):
                TorchCodec always returns normalized float32 samples. This parameter
                is ignored and a warning is issued if set to False.
                Default: ``True``.
            channels_first (bool, optional):
                When True, the returned Tensor has dimension `[channel, time]`.
                Otherwise, the returned Tensor's dimension is `[time, channel]`.
            format (str or None, optional):
                Format hint for the decoder. May not be supported by all TorchCodec
                decoders. (Default: ``None``)
            buffer_size (int, optional):
                Not used by TorchCodec AudioDecoder. Provided for API compatibility.
            backend (str or None, optional):
                Not used by TorchCodec AudioDecoder. Provided for API compatibility.

        Returns:
            (torch.Tensor, int): Resulting Tensor and sample rate.
            Always returns float32 tensors. If ``channels_first=True``, shape is
            `[channel, time]`, otherwise `[time, channel]`.

        Raises:
            ImportError: If torchcodec is not available.
            ValueError: If unsupported parameters are used.
            RuntimeError: If TorchCodec fails to decode the audio.

        Note:
            - TorchCodec always returns normalized float32 samples, so the ``normalize``
              parameter has no effect.
            - The ``buffer_size`` and ``backend`` parameters are ignored.
            - Not all audio formats supported by torchaudio backends may be supported
              by TorchCodec.
        """
        # Import torchcodec here to provide clear error if not available
        try:
            from torchcodec.decoders import AudioDecoder
        except ImportError as e:
>           raise ImportError(
                "TorchCodec is required for load_with_torchcodec. " "Please install torchcodec to use this function."
            ) from e
E           ImportError: TorchCodec is required for load_with_torchcodec. Please install torchcodec to use this function.

.venv\Lib\site-packages\torchaudio\_torchcodec.py:84: ImportError

During handling of the above exception, another exception occurred:

path = 'tests/data/test.wav', sampling_rate = 16000

    def read_audio(path: str, sampling_rate: int = 16000) -> torch.Tensor:
        ta_ver = version.parse(torchaudio.__version__)
        if ta_ver < version.parse("2.9"):
            try:
                effects = [['channels', '1'],['rate', str(sampling_rate)]]
                wav, sr = torchaudio.sox_effects.apply_effects_file(path, effects=effects)
            except:
                wav, sr = torchaudio.load(path)
        else:
            try:
                wav, sr = torchaudio.load(path)
            except:
                try:
>                   from torchcodec.decoders import AudioDecoder
E                   ModuleNotFoundError: No module named 'torchcodec'

.venv\Lib\site-packages\silero_vad\utils_vad.py:151: ModuleNotFoundError

During handling of the above exception, another exception occurred:

    def test_onnx_model():
        model = load_silero_vad(onnx=True)
        for path in ["tests/data/test.wav", "tests/data/test.opus", "tests/data/test.mp3"]:
>           audio = read_audio(path, sampling_rate=16000)
                    ^^^^^^^^^^^^^^^^^^^^^^^^^^^^^^^^^^^^^

models_cache\silero_vad\snakers4_silero-vad_master\tests\test_basic.py:17:
_ _ _ _ _ _ _ _ _ _ _ _ _ _ _ _ _ _ _ _ _ _ _ _ _ _ _ _ _ _ _ _ _ _ _ _ _ _ _ _

path = 'tests/data/test.wav', sampling_rate = 16000

    def read_audio(path: str, sampling_rate: int = 16000) -> torch.Tensor:
        ta_ver = version.parse(torchaudio.__version__)
        if ta_ver < version.parse("2.9"):
            try:
                effects = [['channels', '1'],['rate', str(sampling_rate)]]
                wav, sr = torchaudio.sox_effects.apply_effects_file(path, effects=effects)
            except:
                wav, sr = torchaudio.load(path)
        else:
            try:
                wav, sr = torchaudio.load(path)
            except:
                try:
                    from torchcodec.decoders import AudioDecoder
                    samples = AudioDecoder(path).get_all_samples()
                    wav = samples.data
                    sr = samples.sample_rate
                except ImportError:
>                   raise RuntimeError(
                        f"torchaudio version {torchaudio.__version__} requires torchcodec for audio I/O. "
                        + "Install torchcodec or pin torchaudio < 2.9"
                    )
E                   RuntimeError: torchaudio version 2.9.1+cpu requires torchcodec for audio I/O. Install torchcodec or pin torchaudio < 2.9

.venv\Lib\site-packages\silero_vad\utils_vad.py:156: RuntimeError
============================== warnings summary ===============================
tests/test_websocket_status.py::TestWebSocketStatusMessages::test_websocket_config_contains_model_device_language
  D:\Projects\tidied-up\EchoScribe\.venv\Lib\site-packages\anyio\_backends\_asyncio.py:2358: RuntimeWarning: coroutine 'TestWebSocketStatusMessages.test_websocket_sends_status_on_connect.<locals>.mock_model_loader' was never awaited
    await sleep(0)
  Enable tracemalloc to get traceback where the object was allocated.
  See https://docs.pytest.org/en/stable/how-to/capture-warnings.html#resource-warnings for more info.

-- Docs: https://docs.pytest.org/en/stable/how-to/capture-warnings.html
=========================== short test summary info ===========================
FAILED models_cache/silero_vad/snakers4_silero-vad_master/tests/test_basic.py::test_jit_model
FAILED models_cache/silero_vad/snakers4_silero-vad_master/tests/test_basic.py::test_onnx_model
============ 2 failed, 171 passed, 1 warning in 179.73s (0:02:59) =============
